[2026-07-15T11:51:31.621Z] APPLIQUÉ renderer.js (3414726 o)
[2026-07-15T11:51:32.493Z] TÉLÉCHARGÉ renderer.js (3414033 o) → pending
[2026-07-15T11:52:00.148Z] APPLIQUÉ renderer.js (3414075 o)
[2026-07-15T11:52:00.721Z] à jour (b9429bff1c)
[2026-07-15T11:52:14.331Z] TÉLÉCHARGÉ renderer.js (3414033 o) → pending
[2026-07-15T11:52:27.423Z] APPLIQUÉ renderer.js (3414075 o)
[2026-07-15T11:52:27.982Z] à jour (b9429bff1c)
[2026-07-15T15:40:02.363Z] TÉLÉCHARGÉ renderer.js (3419622 o) → pending [raw6d66dd84] (installé=__NEXIUM_APPLIED_SHA__)
[2026-07-15T15:40:02.628Z] TÉLÉCHARGÉ renderer.css → pending
[2026-07-15T15:40:11.328Z] APPLIQUÉ renderer.js (3419611 o)
[2026-07-15T15:40:11.329Z] APPLIQUÉ renderer.css (285001 o)
[2026-07-15T15:40:11.915Z] à jour (raw6d66dd84)
[2026-07-15T15:40:22.032Z] à jour (raw6d66dd84)
[2026-07-15T16:26:59.606Z] TÉLÉCHARGÉ renderer.js (3419628 o) → pending [raw17a1d06f] (installé=raw6d66dd84)
[2026-07-15T19:40:08.108Z] APPLIQUÉ renderer.js (3419628 o)
[2026-07-15T19:40:11.138Z] à jour (raw17a1d06f)
[2026-07-15T21:46:41.711Z] SYNC appliqué au démarrage (raw17a1d06f, installé avant=__NEXIUM_APPLIED_SHA__)
[2026-07-15T21:46:43.589Z] à jour (raw17a1d06f)
[2026-07-15T21:47:20.998Z] SYNC appliqué au démarrage (raw17a1d06f, installé avant=__NEXIUM_APPLIED_SHA__)
[2026-07-15T21:47:22.047Z] à jour (raw17a1d06f)
[2026-07-15T21:48:36.935Z] SYNC appliqué au démarrage (raw17a1d06f, installé avant=__NEXIUM_APPLIED_SHA__)
[2026-07-15T21:48:48.619Z] SYNC appliqué au démarrage (raw17a1d06f, installé avant=__NEXIUM_APPLIED_SHA__)
[2026-07-15T21:48:51.657Z] sync: déjà à jour (raw17a1d06f)
[2026-07-15T21:48:54.288Z] sync: déjà à jour (raw17a1d06f)
[2026-07-15T21:49:00.339Z] sync: déjà à jour (raw17a1d06f)
[2026-07-15T21:49:00.725Z] à jour (raw17a1d06f)
[2026-07-15T21:51:30.012Z] SYNC appliqué au démarrage (raw17a1d06f, installé avant=__NEXIUM_APPLIED_SHA__)
[2026-07-15T21:51:31.034Z] à jour (raw17a1d06f)
[2026-07-15T22:10:52.273Z] MODE DEV actif (.nexium-dev présent) — auto-update désactivé, tes modifications locales sont conservées.
[2026-07-16T12:13:11.309Z] MODE DEV actif (.nexium-dev présent) — auto-update désactivé, tes modifications locales sont conservées.
[2026-07-16T12:19:14.220Z] MODE DEV actif (.nexium-dev présent) — auto-update désactivé, tes modifications locales sont conservées.
[2026-07-16T12:25:08.972Z] MODE DEV actif (.nexium-dev présent) — auto-update désactivé, tes modifications locales sont conservées.
[2026-07-16T12:30:34.680Z] MODE DEV actif (.nexium-dev présent) — auto-update désactivé, tes modifications locales sont conservées.
[2026-07-16T13:09:15.910Z] MODE DEV actif (.nexium-dev présent) — auto-update désactivé, tes modifications locales sont conservées.
[2026-07-17T12:42:06.209Z] MODE DEV actif (.nexium-dev présent) — auto-update désactivé, modifications locales conservées.
[2026-07-18T12:44:47.553Z] MODE DEV actif (.nexium-dev présent) — auto-update désactivé, modifications locales conservées.
[2026-07-19T12:00:05.401Z] MODE DEV actif (.nexium-dev présent) — auto-update désactivé, modifications locales conservées.
[2026-07-20T02:41:08.586Z] MODE DEV actif (.nexium-dev présent) — auto-update désactivé, modifications locales conservées.
[2026-07-20T11:06:54.379Z] MODE DEV actif (.nexium-dev présent) — auto-update désactivé, modifications locales conservées.
[2026-07-20T13:21:01.274Z] MODE DEV actif (.nexium-dev présent) — auto-update désactivé, modifications locales conservées.
[2026-07-21T11:23:36.919Z] MODE DEV actif (.nexium-dev présent) — auto-update désactivé, modifications locales conservées.
[2026-07-21T19:52:58.566Z] MODE DEV actif (.nexium-dev présent) — auto-update désactivé, modifications locales conservées.
[2026-07-22T01:46:26.685Z] MODE DEV actif (.nexium-dev présent) — auto-update désactivé, modifications locales conservées.
[2026-07-22T10:48:38.335Z] MODE DEV actif (.nexium-dev présent) — auto-update désactivé, modifications locales conservées.
[2026-07-23T11:54:10.217Z] MODE DEV actif (.nexium-dev présent) — auto-update désactivé, modifications locales conservées.
[2026-07-23T17:58:10.167Z] MODE DEV actif (.nexium-dev présent) — auto-update désactivé, modifications locales conservées.
[2026-07-24T01:39:03.957Z] MODE DEV actif (.nexium-dev présent) — auto-update désactivé, modifications locales conservées.
[2026-07-24T10:52:55.933Z] MODE DEV actif (.nexium-dev présent) — auto-update désactivé, modifications locales conservées.
[2026-07-24T11:08:33.914Z] MODE DEV actif (.nexium-dev présent) — auto-update désactivé, modifications locales conservées.
[2026-07-24T14:50:06.078Z] MODE DEV actif (.nexium-dev présent) — auto-update désactivé, modifications locales conservées.
[2026-07-24T23:02:35.704Z] MODE DEV actif (.nexium-dev présent) — auto-update désactivé, modifications locales conservées.
[2026-07-25T12:29:39.845Z] MODE DEV actif (.nexium-dev présent) — auto-update désactivé, modifications locales conservées.
[2026-07-25T23:32:27.860Z] MODE DEV actif (.nexium-dev présent) — auto-update désactivé, modifications locales conservées.
[2026-07-26T11:52:08.900Z] MODE DEV actif (.nexium-dev présent) — auto-update désactivé, modifications locales conservées.
[2026-07-26T14:27:52.628Z] MODE DEV actif (.nexium-dev présent) — auto-update désactivé, modifications locales conservées.
[2026-07-26T20:42:32.022Z] MODE DEV actif (.nexium-dev présent) — auto-update désactivé, modifications locales conservées.
[2026-07-26T20:50:15.876Z] MODE DEV actif (.nexium-dev présent) — auto-update désactivé, modifications locales conservées.
[2026-07-26T22:18:37.895Z] MODE DEV actif (.nexium-dev présent) — auto-update désactivé, modifications locales conservées.
[2026-07-27T13:18:11.335Z] MODE DEV actif (.nexium-dev présent) — auto-update désactivé, modifications locales conservées.
[2026-07-27T16:44:20.614Z] MODE DEV actif (.nexium-dev présent) — auto-update désactivé, modifications locales conservées.
[2026-07-28T12:06:15.122Z] MODE DEV actif (.nexium-dev présent) — auto-update désactivé, modifications locales conservées.
[2026-07-29T05:52:35.680Z] MODE DEV actif (.nexium-dev présent) — auto-update désactivé, modifications locales conservées.
[2026-07-29T07:02:43.867Z] MODE DEV actif (.nexium-dev présent) — auto-update désactivé, modifications locales conservées.
[2026-07-29T07:32:20.297Z] MODE DEV actif (.nexium-dev présent) — auto-update désactivé, modifications locales conservées.
[2026-07-29T07:34:27.309Z] MODE DEV actif (.nexium-dev présent) — auto-update désactivé, modifications locales conservées.
[2026-07-29T11:47:14.243Z] MODE DEV actif (.nexium-dev présent) — auto-update désactivé, modifications locales conservées.
[2026-07-29T11:48:26.989Z] MODE DEV actif (.nexium-dev présent) — auto-update désactivé, modifications locales conservées.
[2026-07-29T12:06:08.656Z] MODE DEV actif (.nexium-dev présent) — auto-update désactivé, modifications locales conservées.
[2026-07-29T12:06:27.443Z] MODE DEV actif (.nexium-dev présent) — auto-update désactivé, modifications locales conservées.
[2026-07-29T16:43:26.910Z] MODE DEV actif (.nexium-dev présent) — auto-update désactivé, modifications locales conservées.
[2026-07-29T17:50:13.321Z] MODE DEV actif (.nexium-dev présent) — auto-update désactivé, modifications locales conservées.
[2026-07-29T21:53:52.841Z] MODE DEV actif (.nexium-dev présent) — auto-update désactivé, modifications locales conservées.
[2026-07-29T22:00:30.395Z] MODE DEV actif (.nexium-dev présent) — auto-update désactivé, modifications locales conservées.
[2026-07-29T22:01:51.547Z] MODE DEV actif (.nexium-dev présent) — auto-update désactivé, modifications locales conservées.
[2026-07-29T22:29:47.618Z] MODE DEV actif (.nexium-dev présent) — auto-update désactivé, modifications locales conservées.
[2026-07-29T22:45:31.255Z] MODE DEV actif (.nexium-dev présent) — auto-update désactivé, modifications locales conservées.
[2026-07-29T22:53:39.711Z] MODE DEV actif (.nexium-dev présent) — auto-update désactivé, modifications locales conservées.
[2026-07-30T12:01:25.134Z] MODE DEV actif (.nexium-dev présent) — auto-update désactivé, modifications locales conservées.
[2026-07-30T12:15:26.527Z] MODE DEV actif (.nexium-dev présent) — auto-update désactivé, modifications locales conservées.
